../drivers/bsp/NFC03A1/lib_nfc/lib_pcd/lib_iso15693pcd.c:107:15:ISO15693_GetSelectOrAFIFlag	0	static
../drivers/bsp/NFC03A1/lib_nfc/lib_pcd/lib_iso15693pcd.c:121:15:ISO15693_GetAddressOrNbSlotsFlag	0	static
../drivers/bsp/NFC03A1/lib_nfc/lib_pcd/lib_iso15693pcd.c:135:15:ISO15693_GetOptionFlag	0	static
../drivers/bsp/NFC03A1/lib_nfc/lib_pcd/lib_iso15693pcd.c:150:15:ISO15693_GetProtocolExtensionFlag	0	static
../drivers/bsp/NFC03A1/lib_nfc/lib_pcd/lib_iso15693pcd.c:173:15:ISO15693_CreateRequestFlag	0	static
../drivers/bsp/NFC03A1/lib_nfc/lib_pcd/lib_iso15693pcd.c:594:15:ISO15693_IsInventoryFlag	0	static
../drivers/bsp/NFC03A1/lib_nfc/lib_pcd/lib_iso15693pcd.c:608:15:ISO15693_IsAddressOrNbSlotsFlag	0	static
../drivers/bsp/NFC03A1/lib_nfc/lib_pcd/lib_iso15693pcd.c:624:15:ISO15693_IsATagInTheField	0	static
../drivers/bsp/NFC03A1/lib_nfc/lib_pcd/lib_iso15693pcd.c:646:15:ISO15693_IsCollisionDetected	0	static
../drivers/bsp/NFC03A1/lib_nfc/lib_pcd/lib_iso15693pcd.c:677:16:ISO15693_CRC16	4	static
../drivers/bsp/NFC03A1/lib_nfc/lib_pcd/lib_iso15693pcd.c:703:15:ISO15693_IsCorrectCRC16Residue	8	static
../drivers/bsp/NFC03A1/lib_nfc/lib_pcd/lib_iso15693pcd.c:405:15:ISO15693_StayQuiet	32	static
../drivers/bsp/NFC03A1/lib_nfc/lib_pcd/lib_iso15693pcd.c:442:15:ISO15693_ReadSingleBlock	40	static
../drivers/bsp/NFC03A1/lib_nfc/lib_pcd/lib_iso15693pcd.c:849:16:ISO15693_ReadSingleTagData	40	static
../drivers/bsp/NFC03A1/lib_nfc/lib_pcd/lib_iso15693pcd.c:727:16:ISO15693_TagSave	72	static
../drivers/bsp/NFC03A1/lib_nfc/lib_pcd/lib_iso15693pcd.c:240:15:ISO15693_Inventory	48	static
../drivers/bsp/NFC03A1/lib_nfc/lib_pcd/lib_iso15693pcd.c:316:15:ISO15693_InventoryOneSlot	16	static
../drivers/bsp/NFC03A1/lib_nfc/lib_pcd/lib_iso15693pcd.c:535:15:ISO15693_ReadMultipleBlock	40	static
../drivers/bsp/NFC03A1/lib_nfc/lib_pcd/lib_iso15693pcd.c:804:16:ISO15693_ReadMultipleTagData	176	static
../drivers/bsp/NFC03A1/lib_nfc/lib_pcd/lib_iso15693pcd.c:576:15:ISO15693_SendEOF	8	static
../drivers/bsp/NFC03A1/lib_nfc/lib_pcd/lib_iso15693pcd.c:347:16:ISO15693_Inventory16Slots	48	static
../drivers/bsp/NFC03A1/lib_nfc/lib_pcd/lib_iso15693pcd.c:484:15:ISO15693_WriteSingleBlock	280	static
../drivers/bsp/NFC03A1/lib_nfc/lib_pcd/lib_iso15693pcd.c:905:16:ISO15693_WriteTagData	64	static
../drivers/bsp/NFC03A1/lib_nfc/lib_pcd/lib_iso15693pcd.c:971:8:ISO15693_Init	24	static
../drivers/bsp/NFC03A1/lib_nfc/lib_pcd/lib_iso15693pcd.c:1005:8:ISO15693_GetUID	48	static
../drivers/bsp/NFC03A1/lib_nfc/lib_pcd/lib_iso15693pcd.c:1050:8:ISO15693_GetSystemInfo	32	static
../drivers/bsp/NFC03A1/lib_nfc/lib_pcd/lib_iso15693pcd.c:1086:8:ISO15693_SplitInventoryResponse	24	static
../drivers/bsp/NFC03A1/lib_nfc/lib_pcd/lib_iso15693pcd.c:1123:8:ISO15693_RunAntiCollision	1112	static
../drivers/bsp/NFC03A1/lib_nfc/lib_pcd/lib_iso15693pcd.c:1278:8:ISO15693_RunInventory16slots	560	static
../drivers/bsp/NFC03A1/lib_nfc/lib_pcd/lib_iso15693pcd.c:1351:8:ISO15693_GetTagIdentification	48	static
../drivers/bsp/NFC03A1/lib_nfc/lib_pcd/lib_iso15693pcd.c:1441:9:ISO15693_ReadBytesTagData	8	static
../drivers/bsp/NFC03A1/lib_nfc/lib_pcd/lib_iso15693pcd.c:1472:9:ISO15693_WriteBytes_TagData	48	static
