../drivers/bsp/NFC03A1/lib_nfc/lib_pcd/lib_iso14443Apcd.c:126:17:FSCIToFSC	0	static
../drivers/bsp/NFC03A1/lib_nfc/lib_pcd/lib_iso14443Apcd.c:584:13:ISO14443A_CompleteStructure	0	static
../drivers/bsp/NFC03A1/lib_nfc/lib_pcd/lib_iso14443Apcd.c:109:13:ISO14443A_InitStructure	0	static
../drivers/bsp/NFC03A1/lib_nfc/lib_pcd/lib_iso14443Apcd.c:146:15:ISO14443A_REQA	24	static
../drivers/bsp/NFC03A1/lib_nfc/lib_pcd/lib_iso14443Apcd.c:172:15:ISO14443A_AC	48	static
../drivers/bsp/NFC03A1/lib_nfc/lib_pcd/lib_iso14443Apcd.c:462:15:ISO14443A_ACLevel3	8	static
../drivers/bsp/NFC03A1/lib_nfc/lib_pcd/lib_iso14443Apcd.c:509:15:ISO14443A_HLTA	16	static
../drivers/bsp/NFC03A1/lib_nfc/lib_pcd/lib_iso14443Apcd.c:341:15:ISO14443A_ACLevel1	8	static
../drivers/bsp/NFC03A1/lib_nfc/lib_pcd/lib_iso14443Apcd.c:400:15:ISO14443A_ACLevel2	8	static
../drivers/bsp/NFC03A1/lib_nfc/lib_pcd/lib_iso14443Apcd.c:613:15:ISO14443A_MultiAnticollision	8	static
../drivers/bsp/NFC03A1/lib_nfc/lib_pcd/lib_iso14443Apcd.c:527:15:ISO14443A_RATS	24	static
../drivers/bsp/NFC03A1/lib_nfc/lib_pcd/lib_iso14443Apcd.c:688:8:TOPAZ_ID	8	static
../drivers/bsp/NFC03A1/lib_nfc/lib_pcd/lib_iso14443Apcd.c:717:8:ISO14443A_IsPresent	8	static
../drivers/bsp/NFC03A1/lib_nfc/lib_pcd/lib_iso14443Apcd.c:787:8:ISO14443A_ConfigFDTforAnticollision	32	static
../drivers/bsp/NFC03A1/lib_nfc/lib_pcd/lib_iso14443Apcd.c:661:8:ISO14443A_Init	8	static
../drivers/bsp/NFC03A1/lib_nfc/lib_pcd/lib_iso14443Apcd.c:812:8:ISO14443A_ConfigFDTforRATS	32	static
../drivers/bsp/NFC03A1/lib_nfc/lib_pcd/lib_iso14443Apcd.c:847:8:ISO14443A_ConfigFDT	32	static
../drivers/bsp/NFC03A1/lib_nfc/lib_pcd/lib_iso14443Apcd.c:741:8:ISO14443A_Anticollision	8	static
../drivers/bsp/NFC03A1/lib_nfc/lib_pcd/lib_iso14443Apcd.c:909:6:ISO14443A_MultiTagHunting	24	static
../drivers/bsp/NFC03A1/lib_nfc/lib_pcd/lib_iso14443Apcd.c:961:6:ISO14443A_MultiTagPart2	16	static
