../drivers/bsp/NFC03A1/CR95HF/drv_95hf.c:119:13:drv95HF_SendSPIResetByte	8	static
../drivers/bsp/NFC03A1/CR95HF/drv_95hf.c:97:13:drv95HF_InitializeSPI	24	static
../drivers/bsp/NFC03A1/CR95HF/drv_95hf.c:132:15:drv95HF_SPIPollingCommand	8	static
../drivers/bsp/NFC03A1/CR95HF/drv_95hf.c:179:13:drv95HF_SendUARTCommand	8	static
../drivers/bsp/NFC03A1/CR95HF/drv_95hf.c:194:13:drv95HF_ReceiveUARTResponse	8	static
../drivers/bsp/NFC03A1/CR95HF/drv_95hf.c:226:6:drv95HF_InitializeUART	8	static
../drivers/bsp/NFC03A1/CR95HF/drv_95hf.c:236:6:drv95HF_InitConfigStructure	0	static
../drivers/bsp/NFC03A1/CR95HF/drv_95hf.c:276:8:drv95HF_GetIRQOutState	8	static
../drivers/bsp/NFC03A1/CR95HF/drv_95hf.c:293:6:drv95HF_InitilizeSerialInterface	8	static
../drivers/bsp/NFC03A1/CR95HF/drv_95hf.c:314:6:drv95HF_EnableInterrupt	8	static
../drivers/bsp/NFC03A1/CR95HF/drv_95hf.c:328:6:drv95HF_DisableInterrupt	8	static
../drivers/bsp/NFC03A1/CR95HF/drv_95hf.c:343:9:drv95HF_GetSerialInterface	0	static
../drivers/bsp/NFC03A1/CR95HF/drv_95hf.c:353:6:drv95HF_SendSPICommand	264	static
../drivers/bsp/NFC03A1/CR95HF/drv_95hf.c:385:6:drv95HF_ReceiveSPIResponse	272	static
../drivers/bsp/NFC03A1/CR95HF/drv_95hf.c:430:8:drv95HF_SendReceive	16	static
../drivers/bsp/NFC03A1/CR95HF/drv_95hf.c:477:6:drv95HF_SendCmd	8	static
../drivers/bsp/NFC03A1/CR95HF/drv_95hf.c:494:9:drv95HF_PoolingReading	16	static
../drivers/bsp/NFC03A1/CR95HF/drv_95hf.c:522:6:drv95HF_SendIRQINPulse	8	static
../drivers/bsp/NFC03A1/CR95HF/drv_95hf.c:250:6:drv95HF_ResetSPI	8	static
../drivers/bsp/NFC03A1/CR95HF/drv_95hf.c:549:6:drv95HF_Idle	24	static
