../drivers/cmsis/Include/core_cm4.h:1679:22:__NVIC_EnableIRQ	0	static,ignoring_inline_asm
../drivers/cmsis/Include/core_cm4.h:1717:22:__NVIC_DisableIRQ	0	static,ignoring_inline_asm
../drivers/bsp/stm32g4_uart.c:128:6:BSP_UART_data_ready	8	static
../drivers/bsp/stm32g4_uart.c:134:10:BSP_UART_get_nb_data_ready	8	static
../drivers/bsp/stm32g4_uart.c:173:9:BSP_UART_get_next_byte	24	static
../drivers/bsp/stm32g4_uart.c:152:6:BSP_UART_button	16	static
../drivers/bsp/stm32g4_uart.c:199:9:BSP_UART_getc	8	static
../drivers/bsp/stm32g4_uart.c:214:9:BSP_UART_getc_blocking	16	static
../drivers/bsp/stm32g4_uart.c:238:10:BSP_UART_gets_blocking	32	static
../drivers/bsp/stm32g4_uart.c:260:10:BSP_UART_gets	24	static
../drivers/bsp/stm32g4_uart.c:279:6:BSP_UART_putc	24	static
../drivers/bsp/stm32g4_uart.c:301:6:BSP_UART_puts	32	static
../drivers/bsp/stm32g4_uart.c:94:6:BSP_UART_demo	8	static
../drivers/bsp/stm32g4_uart.c:340:6:BSP_UART_init	16	static
../drivers/bsp/stm32g4_uart.c:401:6:HAL_UART_MspInit	112	static
../drivers/bsp/stm32g4_uart.c:462:6:BSP_UART_deinit	8	static
../drivers/bsp/stm32g4_uart.c:473:6:HAL_UART_MspDeInit	8	static
../drivers/bsp/stm32g4_uart.c:506:6:USART1_IRQHandler	8	static
../drivers/bsp/stm32g4_uart.c:511:6:USART2_IRQHandler	8	static
../drivers/bsp/stm32g4_uart.c:522:6:BSP_UART_set_callback	8	static
../drivers/bsp/stm32g4_uart.c:529:6:HAL_UART_ErrorCallback	0	static
../drivers/bsp/stm32g4_uart.c:551:6:HAL_UART_RxCpltCallback	16	static
../drivers/bsp/stm32g4_uart.c:575:6:BSP_UART_impolite_force_puts_on_uart	8	static
