../drivers/bsp/SD/FatFs/src/ff.c:580:6:mem_cpy	0	static
../drivers/bsp/SD/FatFs/src/ff.c:597:6:mem_set	0	static
../drivers/bsp/SD/FatFs/src/ff.c:606:5:mem_cmp	4	static
../drivers/bsp/SD/FatFs/src/ff.c:616:5:chk_chr	0	static
../drivers/bsp/SD/FatFs/src/ff.c:662:9:chk_lock	8	static
../drivers/bsp/SD/FatFs/src/ff.c:688:5:enq_lock	0	static
../drivers/bsp/SD/FatFs/src/ff.c:698:6:inc_lock	8	static
../drivers/bsp/SD/FatFs/src/ff.c:730:9:dec_lock	0	static
../drivers/bsp/SD/FatFs/src/ff.c:753:6:clear_lock	4	static
../drivers/bsp/SD/FatFs/src/ff.c:1125:7:clmt_clust	0	static
../drivers/bsp/SD/FatFs/src/ff.c:1308:7:ld_clust	0	static
../drivers/bsp/SD/FatFs/src/ff.c:1325:6:st_clust	0	static
../drivers/bsp/SD/FatFs/src/ff.c:1378:5:pick_lfn	8	static
../drivers/bsp/SD/FatFs/src/ff.c:1411:6:fit_lfn	12	static
../drivers/bsp/SD/FatFs/src/ff.c:1449:6:gen_numname	24	static
../drivers/bsp/SD/FatFs/src/ff.c:1508:6:sum_sfn	0	static
../drivers/bsp/SD/FatFs/src/ff.c:2187:5:get_ldnumber	4	static
../drivers/bsp/SD/FatFs/src/ff.c:773:9:sync_window	24	static
../drivers/bsp/SD/FatFs/src/ff.c:802:9:move_window	16	static
../drivers/bsp/SD/FatFs/src/ff.c:2248:6:check_fs	8	static
../drivers/bsp/SD/FatFs/src/ff.c:2445:9:validate	8	static
../drivers/bsp/SD/FatFs/src/ff.c:2276:9:find_volume	48	static
../drivers/bsp/SD/FatFs/src/ff.c:1913:9:create_name	48	static
../drivers/bsp/SD/FatFs/src/ff.c:1773:6:get_fileinfo	24	static
../drivers/bsp/SD/FatFs/src/ff.c:1347:5:cmp_lfn	32	static
../drivers/bsp/SD/FatFs/src/ff.c:833:9:sync_fs	16	static
../drivers/bsp/SD/FatFs/src/ff.c:873:7:clust2sect	0	static
../drivers/bsp/SD/FatFs/src/ff.c:891:7:get_fat	24	static
../drivers/bsp/SD/FatFs/src/ff.c:1153:9:dir_sdi	24	static
../drivers/bsp/SD/FatFs/src/ff.c:946:9:put_fat	24	static
../drivers/bsp/SD/FatFs/src/ff.c:1063:7:create_chain	24	static
../drivers/bsp/SD/FatFs/src/ff.c:1201:9:dir_next	32	static
../drivers/bsp/SD/FatFs/src/ff.c:1528:9:dir_find	24	static
../drivers/bsp/SD/FatFs/src/ff.c:2125:9:follow_path	16	static
../drivers/bsp/SD/FatFs/src/ff.c:1272:9:dir_alloc	16	static
../drivers/bsp/SD/FatFs/src/ff.c:1648:9:dir_register	40	static
../drivers/bsp/SD/FatFs/src/ff.c:1589:9:dir_read	24	static
../drivers/bsp/SD/FatFs/src/ff.c:1726:9:dir_remove	16	static
../drivers/bsp/SD/FatFs/src/ff.c:1010:9:remove_chain	24	static
../drivers/bsp/SD/FatFs/src/ff.c:2475:9:f_mount	32	static
../drivers/bsp/SD/FatFs/src/ff.c:2522:9:f_open	608	static
../drivers/bsp/SD/FatFs/src/ff.c:2658:9:f_read	48	static
../drivers/bsp/SD/FatFs/src/ff.c:2759:9:f_write	48	static
../drivers/bsp/SD/FatFs/src/ff.c:4544:6:putc_bfd	24	static
../drivers/bsp/SD/FatFs/src/ff.c:2881:9:f_sync	16	static
../drivers/bsp/SD/FatFs/src/ff.c:2930:9:f_close	8	static
../drivers/bsp/SD/FatFs/src/ff.c:3102:9:f_lseek	40	static
../drivers/bsp/SD/FatFs/src/ff.c:3260:9:f_opendir	40	static
../drivers/bsp/SD/FatFs/src/ff.c:3316:9:f_closedir	8	static
../drivers/bsp/SD/FatFs/src/ff.c:3348:9:f_readdir	40	static
../drivers/bsp/SD/FatFs/src/ff.c:3442:9:f_stat	592	static
../drivers/bsp/SD/FatFs/src/ff.c:3477:9:f_getfree	40	static
../drivers/bsp/SD/FatFs/src/ff.c:3544:9:f_truncate	24	static
../drivers/bsp/SD/FatFs/src/ff.c:3600:9:f_unlink	1152	static
../drivers/bsp/SD/FatFs/src/ff.c:3669:9:f_mkdir	624	static
../drivers/bsp/SD/FatFs/src/ff.c:3743:9:f_chmod	600	static
../drivers/bsp/SD/FatFs/src/ff.c:3786:9:f_rename	1176	static
../drivers/bsp/SD/FatFs/src/ff.c:3864:9:f_utime	592	static
../drivers/bsp/SD/FatFs/src/ff.c:4138:9:f_mkfs	72	static
../drivers/bsp/SD/FatFs/src/ff.c:4457:8:f_gets	32	static
../drivers/bsp/SD/FatFs/src/ff.c:4599:5:f_putc	88	static
../drivers/bsp/SD/FatFs/src/ff.c:4626:5:f_puts	88	static
../drivers/bsp/SD/FatFs/src/ff.c:4654:5:f_printf	140	static
