../drivers/bsp/NFC03A1/stm32g4_nfc03a1.c:65:6:BSP_NFC03A1_Init	16	static
../drivers/bsp/NFC03A1/stm32g4_nfc03a1.c:138:6:BSP_NFC03A1_get_ISO14443A_infos	8	static
../drivers/bsp/NFC03A1/stm32g4_nfc03a1.c:86:6:BSP_NFC03A1_demo	152	static
../drivers/bsp/NFC03A1/stm32g4_nfc03a1.c:153:6:RFTRANS_95HF_EXTI_Callback	8	static
../drivers/bsp/NFC03A1/stm32g4_nfc03a1.c:171:6:drvInt_Enable_Reply_IRQ	8	static
../drivers/bsp/NFC03A1/stm32g4_nfc03a1.c:182:6:drvInt_Enable_RFEvent_IRQ	8	static
../drivers/bsp/NFC03A1/stm32g4_nfc03a1.c:193:6:drvInt_Disable_95HF_IRQ	8	static
../drivers/bsp/NFC03A1/stm32g4_nfc03a1.c:206:6:BSP_NFC03A1_read	8	static
