../drivers/bsp/MCP23S17/stm32g4_mcp23s17.c:101:13:MCP23S17_CSPinSet	8	static
../drivers/bsp/MCP23S17/stm32g4_mcp23s17.c:134:13:MCP23S17_writeSPI	16	static
../drivers/bsp/MCP23S17/stm32g4_mcp23s17.c:111:16:MCP23S17_readSPI	16	static
../drivers/bsp/MCP23S17/stm32g4_mcp23s17.c:152:6:BSP_MCP23S17_init	24	static
../drivers/bsp/MCP23S17/stm32g4_mcp23s17.c:185:6:BSP_MCP23S17_setGPIODirection	16	static
../drivers/bsp/MCP23S17/stm32g4_mcp23s17.c:210:6:BSP_MCP23S17_setPullUp_onPin	16	static
../drivers/bsp/MCP23S17/stm32g4_mcp23s17.c:233:6:BSP_MCP23S17_setPullUp_onPort	8	static
../drivers/bsp/MCP23S17/stm32g4_mcp23s17.c:249:6:BSP_MCP23S17_setITState_onPin	16	static
../drivers/bsp/MCP23S17/stm32g4_mcp23s17.c:270:6:BSP_MCP23S17_setITState_onPort	8	static
../drivers/bsp/MCP23S17/stm32g4_mcp23s17.c:286:6:BSP_MCP23S17_setMirrorIT	8	static
../drivers/bsp/MCP23S17/stm32g4_mcp23s17.c:310:7:BSP_MCP23S17_setITPolarity	8	static
../drivers/bsp/MCP23S17/stm32g4_mcp23s17.c:332:6:BSP_MCP23S17_setDefaultValue_onPin	16	static
../drivers/bsp/MCP23S17/stm32g4_mcp23s17.c:354:6:BSP_MCP23S17_setDefaultValue_onPort	8	static
../drivers/bsp/MCP23S17/stm32g4_mcp23s17.c:367:6:BSP_MCP23S17_setITControl_onPin	16	static
../drivers/bsp/MCP23S17/stm32g4_mcp23s17.c:388:6:BSP_MCP23S17_setITControl_onPort	8	static
../drivers/bsp/MCP23S17/stm32g4_mcp23s17.c:422:9:BSP_MCP23S17_readGPIO	8	static
../drivers/bsp/MCP23S17/stm32g4_mcp23s17.c:401:6:BSP_MCP23S17_writeGPIO	16	static
../drivers/bsp/MCP23S17/stm32g4_mcp23s17.c:44:6:BSP_MCP23S17_demo	16	static
