../drivers/bsp/tft_ili9341/stm32g4_ili9341.c:369:20:fast_custom_spi_write_byte	0	static
../drivers/bsp/tft_ili9341/stm32g4_ili9341.c:197:6:ILI9341_setConfig	8	static
../drivers/bsp/tft_ili9341/stm32g4_ili9341.c:392:6:ILI9341_SendCommand	8	static
../drivers/bsp/tft_ili9341/stm32g4_ili9341.c:358:6:ILI9341_DisplayOn	8	static
../drivers/bsp/tft_ili9341/stm32g4_ili9341.c:365:6:ILI9341_DisplayOff	8	static
../drivers/bsp/tft_ili9341/stm32g4_ili9341.c:406:6:ILI9341_SendData	8	static
../drivers/bsp/tft_ili9341/stm32g4_ili9341.c:204:6:ILI9341_InitLCD	8	static
../drivers/bsp/tft_ili9341/stm32g4_ili9341.c:419:6:ILI9341_ReadDatas	24	static
../drivers/bsp/tft_ili9341/stm32g4_ili9341.c:457:6:ILI9341_SetCursorPosition	24	static
../drivers/bsp/tft_ili9341/stm32g4_ili9341.c:434:6:ILI9341_DrawPixel	8	static
../drivers/bsp/tft_ili9341/stm32g4_ili9341.c:442:10:ILI9341_ReadPixel	416	static
../drivers/bsp/tft_ili9341/stm32g4_ili9341.c:488:6:ILI9341_INT_Fill	32	static
../drivers/bsp/tft_ili9341/stm32g4_ili9341.c:475:6:ILI9341_Fill	16	static
../drivers/bsp/tft_ili9341/stm32g4_ili9341.c:550:6:ILI9341_Delay	8	static
../drivers/bsp/tft_ili9341/stm32g4_ili9341.c:558:6:ILI9341_Rotate	8	static
../drivers/bsp/tft_ili9341/stm32g4_ili9341.c:158:6:ILI9341_Init	24	static
../drivers/bsp/tft_ili9341/stm32g4_ili9341.c:691:6:ILI9341_GetStringSize	4	static
../drivers/bsp/tft_ili9341/stm32g4_ili9341.c:709:6:ILI9341_Putc	40	static
../drivers/bsp/tft_ili9341/stm32g4_ili9341.c:597:6:ILI9341_Puts	32	static
../drivers/bsp/tft_ili9341/stm32g4_ili9341.c:766:6:ILI9341_PutBigc	56	static
../drivers/bsp/tft_ili9341/stm32g4_ili9341.c:649:6:ILI9341_PutBigs	48	static
../drivers/bsp/tft_ili9341/stm32g4_ili9341.c:827:6:ILI9341_DrawLine	56	static
../drivers/bsp/tft_ili9341/stm32g4_ili9341.c:907:6:ILI9341_DrawRectangle	32	static
../drivers/bsp/tft_ili9341/stm32g4_ili9341.c:922:6:ILI9341_DrawFilledRectangle	16	static
../drivers/bsp/tft_ili9341/stm32g4_ili9341.c:951:6:ILI9341_DrawCircle	64	static
../drivers/bsp/tft_ili9341/stm32g4_ili9341.c:992:6:ILI9341_DrawFilledCircle	64	static
../drivers/bsp/tft_ili9341/stm32g4_ili9341.c:1027:18:ILI9341_getOptions	0	static
../drivers/bsp/tft_ili9341/stm32g4_ili9341.c:1040:6:ILI9341_printf	296	static
../drivers/bsp/tft_ili9341/stm32g4_ili9341.c:126:6:ILI9341_demo	32	static
../drivers/bsp/tft_ili9341/stm32g4_ili9341.c:1069:6:ILI9341_putImage	24	static
../drivers/bsp/tft_ili9341/stm32g4_ili9341.c:1103:6:ILI9341_putImage_with_transparency	32	static
../drivers/bsp/tft_ili9341/stm32g4_ili9341.c:1152:6:ILI9341_putImage_monochrome	32	static
../drivers/bsp/tft_ili9341/stm32g4_ili9341.c:1188:6:ILI9341_putImage_3bits	40	static
