../drivers/bsp/MCP23017/stm32g4_mcp23017.c:488:26:MCP23017_initIc	8	static
../drivers/bsp/MCP23017/stm32g4_mcp23017.c:181:6:MCP23017_init	0	static
../drivers/bsp/MCP23017/stm32g4_mcp23017.c:197:15:MCP23017_add	16	static
../drivers/bsp/MCP23017/stm32g4_mcp23017.c:228:6:MCP23017_setIO	32	static
../drivers/bsp/MCP23017/stm32g4_mcp23017.c:272:6:MCP23017_getIO	32	static
../drivers/bsp/MCP23017/stm32g4_mcp23017.c:309:6:MCP23017_setGPIO	32	static
../drivers/bsp/MCP23017/stm32g4_mcp23017.c:358:6:MCP23017_getGPIO	32	static
../drivers/bsp/MCP23017/stm32g4_mcp23017.c:398:6:MCP23017_setPullUp	32	static
../drivers/bsp/MCP23017/stm32g4_mcp23017.c:448:6:MCP23017_getPullUp	32	static
../drivers/bsp/MCP23017/stm32g4_mcp23017.c:538:6:MCP23017_demo	24	static
