../drivers/bsp/NFC03A1/lib_nfc/lib_NDEF/lib_NDEF.c:74:17:NDEF_IsNDEFPresent	16	static
../drivers/bsp/NFC03A1/lib_nfc/lib_NDEF/lib_NDEF.c:282:13:NDEF_ParseURI	16	static
../drivers/bsp/NFC03A1/lib_nfc/lib_NDEF/lib_NDEF.c:254:13:NDEF_ParseMediaType	16	static
../drivers/bsp/NFC03A1/lib_nfc/lib_NDEF/lib_NDEF.c:270:13:NDEF_ParseForumExternalType	8	static
../drivers/bsp/NFC03A1/lib_nfc/lib_NDEF/lib_NDEF.c:203:13:NDEF_ParseWellKnownType	24	static
../drivers/bsp/NFC03A1/lib_nfc/lib_NDEF/lib_NDEF.c:173:17:NDEF_ParseRecordHeader	8	static
../drivers/bsp/NFC03A1/lib_nfc/lib_NDEF/lib_NDEF.c:95:17:NDEF_IdentifySPRecord	32	static
../drivers/bsp/NFC03A1/lib_nfc/lib_NDEF/lib_NDEF.c:305:13:NDEF_ParseSP	32	static
../drivers/bsp/NFC03A1/lib_nfc/lib_NDEF/lib_NDEF.c:367:10:NDEF_IdentifyNDEF	32	static
../drivers/bsp/NFC03A1/lib_nfc/lib_NDEF/lib_NDEF.c:474:10:NDEF_ReadNDEF	8	static
../drivers/bsp/NFC03A1/lib_nfc/lib_NDEF/lib_NDEF.c:502:10:NDEF_WriteNDEF	8	static
../drivers/bsp/NFC03A1/lib_nfc/lib_NDEF/lib_NDEF.c:522:10:NDEF_IdentifyBuffer	32	static
